// Jest Snapshot v1, https://goo.gl/fbAQLP

exports[`should render AddExpensePage correctly 1`] = `
<div>
  Create some expences here.
  <ExpenseForm
    onSubmit={[Function]}
  />
</div>
`;
